==========================================
Starting User Simulation for: mphelalufuno1.0@gmail.com
==========================================

STEP 1: Registration
   Attempting to create user in Firebase Auth...
node : 
At line:1 char:1
+ node 
simulate-user-flow.js 
> test-output.txt 2>&1
+ ~~~~~~~~~~~~~~~~~~~~
~~~~~~~~~~~~~~~~~~~~~~
~~~~~~~
    + CategoryInfo    
          : NotSpeci  
  fied: (:String) [   
 ], RemoteExceptio    
n
    + FullyQualifiedE 
   rrorId : NativeCo  
  mmandError
 
CRITICAL TEST 
FAILURE: 
FirebaseError: 
Firebase: Error (auth/
operation-not-allowed)
.
    at 
createErrorInternal (f
ile:///C:/Users/Lufuno
%20Mphela/Desktop/smit
etrade-secure-growth/n
ode_modules/firebase/n
ode_modules/@firebase/
auth/dist/node-esm/tot
p-05d844a5.js:499:41)
    at _fail (file:///
C:/Users/Lufuno%20Mphe
la/Desktop/smitetrade-
secure-growth/node_mod
ules/firebase/node_mod
ules/@firebase/auth/di
st/node-esm/totp-05d84
4a5.js:474:11)
    at _performFetchWi
thErrorHandling (file:
///C:/Users/Lufuno%20M
phela/Desktop/smitetra
de-secure-growth/node_
modules/firebase/node_
modules/@firebase/auth
/dist/node-esm/totp-05
d844a5.js:961:17)
    at process.process
TicksAndRejections (no
de:internal/process/ta
sk_queues:105:5)
    at async 
_performSignInRequest 
(file:///C:/Users/Lufu
no%20Mphela/Desktop/sm
itetrade-secure-growth
/node_modules/firebase
/node_modules/@firebas
e/auth/dist/node-esm/t
otp-05d844a5.js:976:28
)
    at async createUse
rWithEmailAndPassword 
(file:///C:/Users/Lufu
no%20Mphela/Desktop/sm
itetrade-secure-growth
/node_modules/firebase
/node_modules/@firebas
e/auth/dist/node-esm/t
otp-05d844a5.js:6129:2
2)
    at async runTest (
file:///C:/Users/Lufun
o%20Mphela/Desktop/smi
tetrade-secure-growth/
simulate-user-flow.js:
37:36) {
  code: 'auth/operatio
n-not-allowed',
  customData: {}
}
